   Compiling herdr-done-popup v0.1.0 (D:\herdr done popup)
error[E0432]: unresolved import `windows::Win32::UI::Input::KeyboardAndMouse::GetCursorPos`
 --> src\gui.rs:7:5
  |
7 | use windows::Win32::UI::Input::KeyboardAndMouse::GetCursorPos;
  |     ^^^^^^^^^^^^^^^^^^^^^^^^^^^^^^^^^^^^^^^^^^^^^^^^^^^^^^^^^ no `GetCursorPos` in `Win32::UI::Input::KeyboardAndMouse`

error[E0408]: variable `cmd` is not bound in all patterns
  --> src\main.rs:30:9
   |
30 |         [] | [cmd] if cmd == "receiver" => run_receiver(),
   |         ^^    --- variable not in all patterns
   |         |
   |         pattern doesn't bind `cmd`

error[E0425]: cannot find type `BOOL` in this scope
   --> src\gui.rs:167:60
    |
167 |     extern "system" fn enum_proc(hwnd: HWND, l: LPARAM) -> BOOL {
    |                                                            ^^^^
    |
help: a builtin type with a similar name exists
    |
167 -     extern "system" fn enum_proc(hwnd: HWND, l: LPARAM) -> BOOL {
167 +     extern "system" fn enum_proc(hwnd: HWND, l: LPARAM) -> bool {
    |

warning: unused import: `RECT`
 --> src\gui.rs:4:64
  |
4 | use windows::Win32::Foundation::{HWND, LPARAM, LRESULT, POINT, RECT, WPARAM};
  |                                                                ^^^^
  |
  = note: `#[warn(unused_imports)]` (part of `#[warn(unused)]`) on by default

error[E0308]: mismatched types
  --> src\gui.rs:30:50
   |
30 |         let _ = register_class("HerdrDonePopup", popup_proc);
   |                 --------------                   ^^^^^^^^^^ expected `Option<...>`, found fn item
   |                 |
   |                 arguments to this function are incorrect
   |
   = note: expected enum `Option<unsafe extern "system" fn(HWND, u32, WPARAM, LPARAM) -> LRESULT>`
           found fn item `unsafe extern "system" fn(HWND, u32, WPARAM, LPARAM) -> LRESULT {popup_proc}`
note: function defined here
  --> src\gui.rs:58:11
   |
58 | unsafe fn register_class(name: &str, proc: WNDPROC) -> u16 {
   |           ^^^^^^^^^^^^^^             -------------
help: try wrapping the expression in `Some`
   |
30 |         let _ = register_class("HerdrDonePopup", Some(popup_proc));
   |                                                  +++++          +

error[E0308]: mismatched types
  --> src\gui.rs:31:55
   |
31 |         let _ = register_class("HerdrDoneController", controller_proc);
   |                 --------------                        ^^^^^^^^^^^^^^^ expected `Option<...>`, found fn item
   |                 |
   |                 arguments to this function are incorrect
   |
   = note: expected enum `Option<unsafe extern "system" fn(HWND, u32, WPARAM, LPARAM) -> LRESULT>`
           found fn item `unsafe extern "system" fn(HWND, u32, WPARAM, LPARAM) -> LRESULT {controller_proc}`
note: function defined here
  --> src\gui.rs:58:11
   |
58 | unsafe fn register_class(name: &str, proc: WNDPROC) -> u16 {
   |           ^^^^^^^^^^^^^^             -------------
help: try wrapping the expression in `Some`
   |
31 |         let _ = register_class("HerdrDoneController", Some(controller_proc));
   |                                                       +++++               +

error[E0308]: mismatched types
    --> src\gui.rs:36:47
     |
  36 |             WINDOW_STYLE(0), 0, 0, 0, 0, HWND(0), HMENU(0), instance, None,
     |                                          ---- ^ expected `*mut c_void`, found `usize`
     |                                          |
     |                                          arguments to this struct are incorrect
     |
     = note: expected raw pointer `*mut c_void`
                       found type `usize`
note: tuple struct defined here
    --> D:\rust\cargo\registry\src\index.crates.io-1949cf8c6b5b557f\windows-0.61.3\src\Windows\Win32\Foundation\mod.rs:5670:12
     |
5670 | pub struct HWND(pub *mut core::ffi::c_void);
     |            ^^^^
help: if you meant to create a null pointer, use `std::ptr::null_mut()`
     |
  36 -             WINDOW_STYLE(0), 0, 0, 0, 0, HWND(0), HMENU(0), instance, None,
  36 +             WINDOW_STYLE(0), 0, 0, 0, 0, HWND(std::ptr::null_mut()), HMENU(0), instance, None,
     |

error[E0308]: mismatched types
    --> src\gui.rs:36:57
     |
  36 |             WINDOW_STYLE(0), 0, 0, 0, 0, HWND(0), HMENU(0), instance, None,
     |                                                   ----- ^ expected `*mut c_void`, found `usize`
     |                                                   |
     |                                                   arguments to this struct are incorrect
     |
     = note: expected raw pointer `*mut c_void`
                       found type `usize`
note: tuple struct defined here
    --> D:\rust\cargo\registry\src\index.crates.io-1949cf8c6b5b557f\windows-0.61.3\src\Windows\Win32\UI\WindowsAndMessaging\mod.rs:3989:12
     |
3989 | pub struct HMENU(pub *mut core::ffi::c_void);
     |            ^^^^^
help: if you meant to create a null pointer, use `std::ptr::null_mut()`
     |
  36 -             WINDOW_STYLE(0), 0, 0, 0, 0, HWND(0), HMENU(0), instance, None,
  36 +             WINDOW_STYLE(0), 0, 0, 0, 0, HWND(0), HMENU(std::ptr::null_mut()), instance, None,
     |

error[E0277]: the trait bound `Option<HINSTANCE>: From<HMODULE>` is not satisfied
  --> src\gui.rs:32:67
   |
32 |         let instance = GetModuleHandleW(None).unwrap_or_default().into();
   |                                                                   ^^^^ the trait `From<HMODULE>` is not implemented for `Option<HINSTANCE>`
   |
help: the following other types implement trait `From<T>`
  --> /rustc/8bab26f4f68e0e26f0bb7960be334d5b520ea452/library\core\src\option.rs:2361:0
   |
   = note: `Option<T>` implements `From<T>`
  ::: /rustc/8bab26f4f68e0e26f0bb7960be334d5b520ea452/library\core\src\option.rs:2378:0
   |
   = note: `Option<&T>` implements `From<&Option<T>>`
  ::: /rustc/8bab26f4f68e0e26f0bb7960be334d5b520ea452/library\core\src\option.rs:2406:0
   |
   = note: `Option<&mut T>` implements `From<&mut Option<T>>`
   = note: required for `HMODULE` to implement `Into<Option<HINSTANCE>>`

error[E0308]: arguments to this function are incorrect
   --> src\gui.rs:34:26
    |
 34 |         let controller = CreateWindowExW(
    |                          ^^^^^^^^^^^^^^^
    |
note: expected `Option<HWND>`, found `HWND`
   --> src\gui.rs:36:42
    |
 36 |             WINDOW_STYLE(0), 0, 0, 0, 0, HWND(0), HMENU(0), instance, None,
    |                                          ^^^^^^^
    = note: expected enum `Option<HWND>`
             found struct `HWND`
note: expected `Option<HMENU>`, found `HMENU`
   --> src\gui.rs:36:51
    |
 36 |             WINDOW_STYLE(0), 0, 0, 0, 0, HWND(0), HMENU(0), instance, None,
    |                                                   ^^^^^^^^
    = note: expected enum `Option<WindowsAndMessaging::HMENU>`
             found struct `WindowsAndMessaging::HMENU`
note: function defined here
   --> D:\rust\cargo\registry\src\index.crates.io-1949cf8c6b5b557f\windows-0.61.3\src\Windows\Win32\UI\WindowsAndMessaging\mod.rs:430:15
    |
430 | pub unsafe fn CreateWindowExW<P1, P2>(dwexstyle: WINDOW_EX_STYLE, lpclassname: P1, lpwindowname: P2, dwstyle: WINDOW_STYLE, x: i32,...
    |               ^^^^^^^^^^^^^^^
help: try wrapping the expression in `Some`
    |
 36 |             WINDOW_STYLE(0), 0, 0, 0, 0, Some(HWND(0)), HMENU(0), instance, None,
    |                                          +++++       +
help: try wrapping the expression in `Some`
    |
 36 |             WINDOW_STYLE(0), 0, 0, 0, 0, HWND(0), Some(HMENU(0)), instance, None,
    |                                                   +++++        +

error[E0609]: no field `0` on type `Result<HWND, windows_result::error::Error>`
  --> src\gui.rs:38:23
   |
38 |         if controller.0 == 0 { return; }
   |                       ^ unknown field
   |
help: one of the expressions' fields has a field of the same name
   |
38 |         if controller.unwrap().0 == 0 { return; }
   |                       +++++++++

error[E0308]: mismatched types
    --> src\gui.rs:43:39
     |
  43 |                 unsafe { PostMessageW(controller, WM_POPUP, WPARAM(0), LPARAM(ptr as isize)); }
     |                          ------------ ^^^^^^^^^^ expected `Option<HWND>`, found `Result<HWND, Error>`
     |                          |
     |                          arguments to this function are incorrect
     |
     = note: expected enum `Option<HWND>`
                found enum `Result<HWND, windows_result::error::Error>`
note: function defined here
    --> D:\rust\cargo\registry\src\index.crates.io-1949cf8c6b5b557f\windows-0.61.3\src\Windows\Win32\UI\WindowsAndMessaging\mod.rs:1857:15
     |
1857 | pub unsafe fn PostMessageW(hwnd: Option<super::super::Foundation::HWND>, msg: u32, wparam: super::super::Foundation::WPARAM, lpara...
     |               ^^^^^^^^^^^^

error[E0308]: mismatched types
    --> src\gui.rs:48:47
     |
  48 |             while PeekMessageW(&mut msg, HWND(0), 0, 0, PM_REMOVE).as_bool() {
     |                                          ---- ^ expected `*mut c_void`, found `usize`
     |                                          |
     |                                          arguments to this struct are incorrect
     |
     = note: expected raw pointer `*mut c_void`
                       found type `usize`
note: tuple struct defined here
    --> D:\rust\cargo\registry\src\index.crates.io-1949cf8c6b5b557f\windows-0.61.3\src\Windows\Win32\Foundation\mod.rs:5670:12
     |
5670 | pub struct HWND(pub *mut core::ffi::c_void);
     |            ^^^^
help: if you meant to create a null pointer, use `std::ptr::null_mut()`
     |
  48 -             while PeekMessageW(&mut msg, HWND(0), 0, 0, PM_REMOVE).as_bool() {
  48 +             while PeekMessageW(&mut msg, HWND(std::ptr::null_mut()), 0, 0, PM_REMOVE).as_bool() {
     |

error[E0308]: mismatched types
    --> src\gui.rs:48:42
     |
  48 |             while PeekMessageW(&mut msg, HWND(0), 0, 0, PM_REMOVE).as_bool() {
     |                   ------------           ^^^^^^^ expected `Option<HWND>`, found `HWND`
     |                   |
     |                   arguments to this function are incorrect
     |
     = note: expected enum `Option<HWND>`
              found struct `HWND`
note: function defined here
    --> D:\rust\cargo\registry\src\index.crates.io-1949cf8c6b5b557f\windows-0.61.3\src\Windows\Win32\UI\WindowsAndMessaging\mod.rs:1842:15
     |
1842 | pub unsafe fn PeekMessageW(lpmsg: *mut MSG, hwnd: Option<super::super::Foundation::HWND>, wmsgfiltermin: u32, wmsgfiltermax: u32, ...
     |               ^^^^^^^^^^^^
help: try wrapping the expression in `Some`
     |
  48 |             while PeekMessageW(&mut msg, Some(HWND(0)), 0, 0, PM_REMOVE).as_bool() {
     |                                          +++++       +

error[E0308]: mismatched types
    --> src\gui.rs:100:46
     |
 100 |         x, y, POPUP_W, POPUP_H, owner, HMENU(0), GetModuleHandleW(None).unwrap_or_default().into(),
     |                                        ----- ^ expected `*mut c_void`, found `usize`
     |                                        |
     |                                        arguments to this struct are incorrect
     |
     = note: expected raw pointer `*mut c_void`
                       found type `usize`
note: tuple struct defined here
    --> D:\rust\cargo\registry\src\index.crates.io-1949cf8c6b5b557f\windows-0.61.3\src\Windows\Win32\UI\WindowsAndMessaging\mod.rs:3989:12
     |
3989 | pub struct HMENU(pub *mut core::ffi::c_void);
     |            ^^^^^
help: if you meant to create a null pointer, use `std::ptr::null_mut()`
     |
 100 -         x, y, POPUP_W, POPUP_H, owner, HMENU(0), GetModuleHandleW(None).unwrap_or_default().into(),
 100 +         x, y, POPUP_W, POPUP_H, owner, HMENU(std::ptr::null_mut()), GetModuleHandleW(None).unwrap_or_default().into(),
     |

error[E0277]: the trait bound `Option<HINSTANCE>: From<HMODULE>` is not satisfied
   --> src\gui.rs:100:93
    |
100 |         x, y, POPUP_W, POPUP_H, owner, HMENU(0), GetModuleHandleW(None).unwrap_or_default().into(),
    |                                                                                             ^^^^ the trait `From<HMODULE>` is not implemented for `Option<HINSTANCE>`
    |
help: the following other types implement trait `From<T>`
   --> /rustc/8bab26f4f68e0e26f0bb7960be334d5b520ea452/library\core\src\option.rs:2361:0
    |
    = note: `Option<T>` implements `From<T>`
   ::: /rustc/8bab26f4f68e0e26f0bb7960be334d5b520ea452/library\core\src\option.rs:2378:0
    |
    = note: `Option<&T>` implements `From<&Option<T>>`
   ::: /rustc/8bab26f4f68e0e26f0bb7960be334d5b520ea452/library\core\src\option.rs:2406:0
    |
    = note: `Option<&mut T>` implements `From<&mut Option<T>>`
    = note: required for `HMODULE` to implement `Into<Option<HINSTANCE>>`

error[E0308]: arguments to this function are incorrect
   --> src\gui.rs:96:16
    |
 96 |     let hwnd = CreateWindowExW(
    |                ^^^^^^^^^^^^^^^
    |
note: expected `Option<HWND>`, found `HWND`
   --> src\gui.rs:100:33
    |
100 |         x, y, POPUP_W, POPUP_H, owner, HMENU(0), GetModuleHandleW(None).unwrap_or_default().into(),
    |                                 ^^^^^
    = note: expected enum `Option<HWND>`
             found struct `HWND`
note: expected `Option<HMENU>`, found `HMENU`
   --> src\gui.rs:100:40
    |
100 |         x, y, POPUP_W, POPUP_H, owner, HMENU(0), GetModuleHandleW(None).unwrap_or_default().into(),
    |                                        ^^^^^^^^
    = note: expected enum `Option<WindowsAndMessaging::HMENU>`
             found struct `WindowsAndMessaging::HMENU`
note: function defined here
   --> D:\rust\cargo\registry\src\index.crates.io-1949cf8c6b5b557f\windows-0.61.3\src\Windows\Win32\UI\WindowsAndMessaging\mod.rs:430:15
    |
430 | pub unsafe fn CreateWindowExW<P1, P2>(dwexstyle: WINDOW_EX_STYLE, lpclassname: P1, lpwindowname: P2, dwstyle: WINDOW_STYLE, x: i32,...
    |               ^^^^^^^^^^^^^^^
help: try wrapping the expression in `Some`
    |
100 |         x, y, POPUP_W, POPUP_H, Some(owner), HMENU(0), GetModuleHandleW(None).unwrap_or_default().into(),
    |                                 +++++     +
help: try wrapping the expression in `Some`
    |
100 |         x, y, POPUP_W, POPUP_H, owner, Some(HMENU(0)), GetModuleHandleW(None).unwrap_or_default().into(),
    |                                        +++++        +

error[E0609]: no field `0` on type `Result<HWND, windows_result::error::Error>`
   --> src\gui.rs:103:13
    |
103 |     if hwnd.0 == 0 { drop(Box::from_raw(ptr)); return; }
    |             ^ unknown field
    |
help: one of the expressions' fields has a field of the same name
    |
103 |     if hwnd.unwrap().0 == 0 { drop(Box::from_raw(ptr)); return; }
    |             +++++++++

error[E0308]: mismatched types
    --> src\gui.rs:109:70
     |
 109 |         WS_CHILD | WS_VISIBLE, 16, 14, POPUP_W - 32, 76, hwnd, HMENU(0),
     |                                                                ----- ^ expected `*mut c_void`, found `usize`
     |                                                                |
     |                                                                arguments to this struct are incorrect
     |
     = note: expected raw pointer `*mut c_void`
                       found type `usize`
note: tuple struct defined here
    --> D:\rust\cargo\registry\src\index.crates.io-1949cf8c6b5b557f\windows-0.61.3\src\Windows\Win32\UI\WindowsAndMessaging\mod.rs:3989:12
     |
3989 | pub struct HMENU(pub *mut core::ffi::c_void);
     |            ^^^^^
help: if you meant to create a null pointer, use `std::ptr::null_mut()`
     |
 109 -         WS_CHILD | WS_VISIBLE, 16, 14, POPUP_W - 32, 76, hwnd, HMENU(0),
 109 +         WS_CHILD | WS_VISIBLE, 16, 14, POPUP_W - 32, 76, hwnd, HMENU(std::ptr::null_mut()),
     |

error[E0277]: the trait bound `Option<HINSTANCE>: From<HMODULE>` is not satisfied
   --> src\gui.rs:110:52
    |
110 |         GetModuleHandleW(None).unwrap_or_default().into(), None,
    |                                                    ^^^^ the trait `From<HMODULE>` is not implemented for `Option<HINSTANCE>`
    |
help: the following other types implement trait `From<T>`
   --> /rustc/8bab26f4f68e0e26f0bb7960be334d5b520ea452/library\core\src\option.rs:2361:0
    |
    = note: `Option<T>` implements `From<T>`
   ::: /rustc/8bab26f4f68e0e26f0bb7960be334d5b520ea452/library\core\src\option.rs:2378:0
    |
    = note: `Option<&T>` implements `From<&Option<T>>`
   ::: /rustc/8bab26f4f68e0e26f0bb7960be334d5b520ea452/library\core\src\option.rs:2406:0
    |
    = note: `Option<&mut T>` implements `From<&mut Option<T>>`
    = note: required for `HMODULE` to implement `Into<Option<HINSTANCE>>`

error[E0308]: arguments to this function are incorrect
   --> src\gui.rs:107:5
    |
107 |     CreateWindowExW(
    |     ^^^^^^^^^^^^^^^
    |
note: expected `Option<HWND>`, found `Result<HWND, Error>`
   --> src\gui.rs:109:58
    |
109 |         WS_CHILD | WS_VISIBLE, 16, 14, POPUP_W - 32, 76, hwnd, HMENU(0),
    |                                                          ^^^^
    = note: expected enum `Option<HWND>`
               found enum `Result<HWND, windows_result::error::Error>`
note: expected `Option<HMENU>`, found `HMENU`
   --> src\gui.rs:109:64
    |
109 |         WS_CHILD | WS_VISIBLE, 16, 14, POPUP_W - 32, 76, hwnd, HMENU(0),
    |                                                                ^^^^^^^^
    = note: expected enum `Option<WindowsAndMessaging::HMENU>`
             found struct `WindowsAndMessaging::HMENU`
note: function defined here
   --> D:\rust\cargo\registry\src\index.crates.io-1949cf8c6b5b557f\windows-0.61.3\src\Windows\Win32\UI\WindowsAndMessaging\mod.rs:430:15
    |
430 | pub unsafe fn CreateWindowExW<P1, P2>(dwexstyle: WINDOW_EX_STYLE, lpclassname: P1, lpwindowname: P2, dwstyle: WINDOW_STYLE, x: i32,...
    |               ^^^^^^^^^^^^^^^
help: try wrapping the expression in `Some`
    |
109 |         WS_CHILD | WS_VISIBLE, 16, 14, POPUP_W - 32, 76, hwnd, Some(HMENU(0)),
    |                                                                +++++        +

error[E0308]: mismatched types
   --> src\gui.rs:116:46
    |
116 |         WS_CHILD | WS_VISIBLE | WS_TABSTOP | BS_DEFPUSHBUTTON,
    |         ----------------------------------   ^^^^^^^^^^^^^^^^ expected `WINDOW_STYLE`, found `i32`
    |         |
    |         expected because this is `WindowsAndMessaging::WINDOW_STYLE`

error[E0308]: mismatched types
    --> src\gui.rs:117:39
     |
 117 |         150, 105, 85, 30, hwnd, HMENU(ID_OPEN as isize),
     |                                 ----- ^^^^^^^^^^^^^^^^ expected `*mut c_void`, found `isize`
     |                                 |
     |                                 arguments to this struct are incorrect
     |
     = note: expected raw pointer `*mut c_void`
                       found type `isize`
note: tuple struct defined here
    --> D:\rust\cargo\registry\src\index.crates.io-1949cf8c6b5b557f\windows-0.61.3\src\Windows\Win32\UI\WindowsAndMessaging\mod.rs:3989:12
     |
3989 | pub struct HMENU(pub *mut core::ffi::c_void);
     |            ^^^^^

error[E0277]: the trait bound `Option<HINSTANCE>: From<HMODULE>` is not satisfied
   --> src\gui.rs:118:52
    |
118 |         GetModuleHandleW(None).unwrap_or_default().into(), None,
    |                                                    ^^^^ the trait `From<HMODULE>` is not implemented for `Option<HINSTANCE>`
    |
help: the following other types implement trait `From<T>`
   --> /rustc/8bab26f4f68e0e26f0bb7960be334d5b520ea452/library\core\src\option.rs:2361:0
    |
    = note: `Option<T>` implements `From<T>`
   ::: /rustc/8bab26f4f68e0e26f0bb7960be334d5b520ea452/library\core\src\option.rs:2378:0
    |
    = note: `Option<&T>` implements `From<&Option<T>>`
   ::: /rustc/8bab26f4f68e0e26f0bb7960be334d5b520ea452/library\core\src\option.rs:2406:0
    |
    = note: `Option<&mut T>` implements `From<&mut Option<T>>`
    = note: required for `HMODULE` to implement `Into<Option<HINSTANCE>>`

error[E0308]: arguments to this function are incorrect
   --> src\gui.rs:114:5
    |
114 |     CreateWindowExW(
    |     ^^^^^^^^^^^^^^^
    |
note: expected `Option<HWND>`, found `Result<HWND, Error>`
   --> src\gui.rs:117:27
    |
117 |         150, 105, 85, 30, hwnd, HMENU(ID_OPEN as isize),
    |                           ^^^^
    = note: expected enum `Option<HWND>`
               found enum `Result<HWND, windows_result::error::Error>`
note: expected `Option<HMENU>`, found `HMENU`
   --> src\gui.rs:117:33
    |
117 |         150, 105, 85, 30, hwnd, HMENU(ID_OPEN as isize),
    |                                 ^^^^^^^^^^^^^^^^^^^^^^^
    = note: expected enum `Option<WindowsAndMessaging::HMENU>`
             found struct `WindowsAndMessaging::HMENU`
note: function defined here
   --> D:\rust\cargo\registry\src\index.crates.io-1949cf8c6b5b557f\windows-0.61.3\src\Windows\Win32\UI\WindowsAndMessaging\mod.rs:430:15
    |
430 | pub unsafe fn CreateWindowExW<P1, P2>(dwexstyle: WINDOW_EX_STYLE, lpclassname: P1, lpwindowname: P2, dwstyle: WINDOW_STYLE, x: i32,...
    |               ^^^^^^^^^^^^^^^
help: try wrapping the expression in `Some`
    |
117 |         150, 105, 85, 30, hwnd, Some(HMENU(ID_OPEN as isize)),
    |                                 +++++                       +

error[E0308]: mismatched types
    --> src\gui.rs:124:39
     |
 124 |         245, 105, 85, 30, hwnd, HMENU(ID_IGNORE as isize),
     |                                 ----- ^^^^^^^^^^^^^^^^^^ expected `*mut c_void`, found `isize`
     |                                 |
     |                                 arguments to this struct are incorrect
     |
     = note: expected raw pointer `*mut c_void`
                       found type `isize`
note: tuple struct defined here
    --> D:\rust\cargo\registry\src\index.crates.io-1949cf8c6b5b557f\windows-0.61.3\src\Windows\Win32\UI\WindowsAndMessaging\mod.rs:3989:12
     |
3989 | pub struct HMENU(pub *mut core::ffi::c_void);
     |            ^^^^^

error[E0277]: the trait bound `Option<HINSTANCE>: From<HMODULE>` is not satisfied
   --> src\gui.rs:125:52
    |
125 |         GetModuleHandleW(None).unwrap_or_default().into(), None,
    |                                                    ^^^^ the trait `From<HMODULE>` is not implemented for `Option<HINSTANCE>`
    |
help: the following other types implement trait `From<T>`
   --> /rustc/8bab26f4f68e0e26f0bb7960be334d5b520ea452/library\core\src\option.rs:2361:0
    |
    = note: `Option<T>` implements `From<T>`
   ::: /rustc/8bab26f4f68e0e26f0bb7960be334d5b520ea452/library\core\src\option.rs:2378:0
    |
    = note: `Option<&T>` implements `From<&Option<T>>`
   ::: /rustc/8bab26f4f68e0e26f0bb7960be334d5b520ea452/library\core\src\option.rs:2406:0
    |
    = note: `Option<&mut T>` implements `From<&mut Option<T>>`
    = note: required for `HMODULE` to implement `Into<Option<HINSTANCE>>`

error[E0308]: arguments to this function are incorrect
   --> src\gui.rs:121:5
    |
121 |     CreateWindowExW(
    |     ^^^^^^^^^^^^^^^
    |
note: expected `Option<HWND>`, found `Result<HWND, Error>`
   --> src\gui.rs:124:27
    |
124 |         245, 105, 85, 30, hwnd, HMENU(ID_IGNORE as isize),
    |                           ^^^^
    = note: expected enum `Option<HWND>`
               found enum `Result<HWND, windows_result::error::Error>`
note: expected `Option<HMENU>`, found `HMENU`
   --> src\gui.rs:124:33
    |
124 |         245, 105, 85, 30, hwnd, HMENU(ID_IGNORE as isize),
    |                                 ^^^^^^^^^^^^^^^^^^^^^^^^^
    = note: expected enum `Option<WindowsAndMessaging::HMENU>`
             found struct `WindowsAndMessaging::HMENU`
note: function defined here
   --> D:\rust\cargo\registry\src\index.crates.io-1949cf8c6b5b557f\windows-0.61.3\src\Windows\Win32\UI\WindowsAndMessaging\mod.rs:430:15
    |
430 | pub unsafe fn CreateWindowExW<P1, P2>(dwexstyle: WINDOW_EX_STYLE, lpclassname: P1, lpwindowname: P2, dwstyle: WINDOW_STYLE, x: i32,...
    |               ^^^^^^^^^^^^^^^
help: try wrapping the expression in `Some`
    |
124 |         245, 105, 85, 30, hwnd, Some(HMENU(ID_IGNORE as isize)),
    |                                 +++++                         +

error[E0308]: arguments to this function are incorrect
    --> src\gui.rs:127:5
     |
 127 |     SetWindowPos(hwnd, HWND_TOPMOST, x, y, POPUP_W, POPUP_H, SWP_NOACTIVATE | SWP_SHOWWINDOW);
     |     ^^^^^^^^^^^^ ----  ------------ argument #2 of type `Option<HWND>` is missing
     |                  |
     |                  unexpected argument #1 of type `Result<HWND, windows_result::error::Error>`
     |
note: function defined here
    --> D:\rust\cargo\registry\src\index.crates.io-1949cf8c6b5b557f\windows-0.61.3\src\Windows\Win32\UI\WindowsAndMessaging\mod.rs:2279:15
     |
2279 | pub unsafe fn SetWindowPos(hwnd: super::super::Foundation::HWND, hwndinsertafter: Option<super::super::Foundation::HWND>, x: i32, ...
     |               ^^^^^^^^^^^^
help: did you mean
     |
 127 -     SetWindowPos(hwnd, HWND_TOPMOST, x, y, POPUP_W, POPUP_H, SWP_NOACTIVATE | SWP_SHOWWINDOW);
 127 +     SetWindowPos(HWND_TOPMOST, /* Option<HWND> */, x, y, POPUP_W, POPUP_H, SWP_NOACTIVATE | SWP_SHOWWINDOW);
     |

error[E0308]: mismatched types
    --> src\gui.rs:165:33
     |
 165 |     let mut target: HWND = HWND(0);
     |                            ---- ^ expected `*mut c_void`, found `usize`
     |                            |
     |                            arguments to this struct are incorrect
     |
     = note: expected raw pointer `*mut c_void`
                       found type `usize`
note: tuple struct defined here
    --> D:\rust\cargo\registry\src\index.crates.io-1949cf8c6b5b557f\windows-0.61.3\src\Windows\Win32\Foundation\mod.rs:5670:12
     |
5670 | pub struct HWND(pub *mut core::ffi::c_void);
     |            ^^^^
help: if you meant to create a null pointer, use `std::ptr::null_mut()`
     |
 165 -     let mut target: HWND = HWND(0);
 165 +     let mut target: HWND = HWND(std::ptr::null_mut());
     |

error[E0308]: mismatched types
   --> src\gui.rs:180:20
    |
180 |     if target.0 != 0 {
    |        --------    ^ expected `*mut c_void`, found `usize`
    |        |
    |        expected because this is `*mut c_void`
    |
    = note: expected raw pointer `*mut c_void`
                      found type `usize`
help: if you meant to create a null pointer, use `std::ptr::null_mut()`
    |
180 -     if target.0 != 0 {
180 +     if target.0 != std::ptr::null_mut() {
    |

error[E0425]: cannot find function, tuple struct or tuple variant `BOOL` in this scope
   --> src\gui.rs:173:99
    |
173 |             if IsWindowVisible(hwnd).as_bool() && title.contains(&data.0) { data.1 = hwnd; return BOOL(0); }
    |                                                                                                   ^^^^ not found in this scope

error[E0425]: cannot find function, tuple struct or tuple variant `BOOL` in this scope
   --> src\gui.rs:174:13
    |
174 |             BOOL(1)
    |             ^^^^ not found in this scope

error[E0381]: used binding `cmd` is possibly-uninitialized
  --> src\main.rs:30:23
   |
30 |         [] | [cmd] if cmd == "receiver" => run_receiver(),
   |               ---     ^^^ `cmd` used here but it is possibly-uninitialized
   |               |
   |               binding initialized here in some conditions
   |               binding declared here but left uninitialized

Some errors have detailed explanations: E0277, E0308, E0381, E0408, E0425, E0432, E0609.
For more information about an error, try `rustc --explain E0277`.
warning: `herdr-done-popup` (bin "herdr-done-popup") generated 1 warning
error: could not compile `herdr-done-popup` (bin "herdr-done-popup") due to 33 previous errors; 1 warning emitted
